#-----------------------------------------------------------
# Vivado v2022.2 (64-bit)
# SW Build 3671981 on Fri Oct 14 05:00:03 MDT 2022
# IP Build 3669848 on Fri Oct 14 08:30:02 MDT 2022
# Start of session at: Sun Sep  3 15:23:32 2023
# Process ID: 13432
# Current directory: C:/Users/baska/OneDrive/Belgeler/GitHub/VHDL-Seven-Segment-Counter/Project_Counter
# Command line: vivado.exe -gui_launcher_event rodinguilauncherevent17080 C:\Users\baska\OneDrive\Belgeler\GitHub\VHDL-Seven-Segment-Counter\Project_Counter\Project_Counter.xpr
# Log file: C:/Users/baska/OneDrive/Belgeler/GitHub/VHDL-Seven-Segment-Counter/Project_Counter/vivado.log
# Journal file: C:/Users/baska/OneDrive/Belgeler/GitHub/VHDL-Seven-Segment-Counter/Project_Counter\vivado.jou
# Running On: Furkan_, OS: Windows, CPU Frequency: 2304 MHz, CPU Physical cores: 4, Host memory: 17009 MB
#-----------------------------------------------------------
start_gui
open_project C:/Users/baska/OneDrive/Belgeler/GitHub/VHDL-Seven-Segment-Counter/Project_Counter/Project_Counter.xpr
update_compile_order -fileset sources_1
